  [1m[35m (0.3ms)[0m  [1m[35mCREATE TABLE "schema_migrations" ("version" varchar NOT NULL PRIMARY KEY) /*application='PlataformGvi'*/[0m
  [1m[35m (0.1ms)[0m  [1m[35mCREATE TABLE "ar_internal_metadata" ("key" varchar NOT NULL PRIMARY KEY, "value" varchar, "created_at" datetime(6) NOT NULL, "updated_at" datetime(6) NOT NULL) /*application='PlataformGvi'*/[0m
  [1m[36mActiveRecord::InternalMetadata Load (0.2ms)[0m  [1m[34mSELECT * FROM "ar_internal_metadata" WHERE "ar_internal_metadata"."key" = 'environment' ORDER BY "ar_internal_metadata"."key" ASC LIMIT 1 /*application='PlataformGvi'*/[0m
  [1m[36mActiveRecord::InternalMetadata Create (0.1ms)[0m  [1m[32mINSERT INTO "ar_internal_metadata" ("key", "value", "created_at", "updated_at") VALUES ('environment', 'development', '2026-04-20 14:09:54.503534', '2026-04-20 14:09:54.503535') RETURNING "key" /*application='PlataformGvi'*/[0m
  [1m[36mActiveRecord::SchemaMigration Load (0.0ms)[0m  [1m[34mSELECT "schema_migrations"."version" FROM "schema_migrations" ORDER BY "schema_migrations"."version" ASC /*application='PlataformGvi'*/[0m
Migrating to CreateUsers (20260420140943)
  [1m[36mTRANSACTION (0.0ms)[0m  [1m[35mBEGIN immediate TRANSACTION /*application='PlataformGvi'*/[0m
  [1m[35m (0.5ms)[0m  [1m[35mCREATE TABLE "users" ("id" integer PRIMARY KEY AUTOINCREMENT NOT NULL, "email_address" varchar NOT NULL, "password_digest" varchar NOT NULL, "created_at" datetime(6) NOT NULL, "updated_at" datetime(6) NOT NULL) /*application='PlataformGvi'*/[0m
  [1m[35m (0.1ms)[0m  [1m[35mCREATE UNIQUE INDEX "index_users_on_email_address" ON "users" ("email_address") /*application='PlataformGvi'*/[0m
  [1m[36mActiveRecord::SchemaMigration Create (0.0ms)[0m  [1m[32mINSERT INTO "schema_migrations" ("version") VALUES ('20260420140943') RETURNING "version" /*application='PlataformGvi'*/[0m
  [1m[36mTRANSACTION (0.1ms)[0m  [1m[35mCOMMIT TRANSACTION /*application='PlataformGvi'*/[0m
Migrating to CreateSessions (20260420140944)
  [1m[36mTRANSACTION (0.0ms)[0m  [1m[35mBEGIN immediate TRANSACTION /*application='PlataformGvi'*/[0m
  [1m[35m (0.4ms)[0m  [1m[35mCREATE TABLE "sessions" ("id" integer PRIMARY KEY AUTOINCREMENT NOT NULL, "user_id" integer NOT NULL, "ip_address" varchar, "user_agent" varchar, "created_at" datetime(6) NOT NULL, "updated_at" datetime(6) NOT NULL, CONSTRAINT "fk_rails_758836b4f0"
FOREIGN KEY ("user_id")
  REFERENCES "users" ("id")
) /*application='PlataformGvi'*/[0m
  [1m[35m (0.0ms)[0m  [1m[35mCREATE INDEX "index_sessions_on_user_id" ON "sessions" ("user_id") /*application='PlataformGvi'*/[0m
  [1m[36mActiveRecord::SchemaMigration Create (0.0ms)[0m  [1m[32mINSERT INTO "schema_migrations" ("version") VALUES ('20260420140944') RETURNING "version" /*application='PlataformGvi'*/[0m
  [1m[36mTRANSACTION (0.0ms)[0m  [1m[35mCOMMIT TRANSACTION /*application='PlataformGvi'*/[0m
  [1m[36mActiveRecord::SchemaMigration Load (0.0ms)[0m  [1m[34mSELECT "schema_migrations"."version" FROM "schema_migrations" ORDER BY "schema_migrations"."version" ASC /*application='PlataformGvi'*/[0m
Started GET "/" for 127.0.0.1 at 2026-04-20 11:17:50 -0300
  [1m[36mActiveRecord::SchemaMigration Load (0.1ms)[0m  [1m[34mSELECT "schema_migrations"."version" FROM "schema_migrations" ORDER BY "schema_migrations"."version" ASC /*application='PlataformGvi'*/[0m
Processing by HomeController#index as HTML
Redirected to http://127.0.0.1:3000/session/new
↳ app/controllers/concerns/authentication.rb:34:in 'Authentication#request_authentication'
Filter chain halted as :require_authentication rendered or redirected
Completed 302 Found in 3ms (ActiveRecord: 0.0ms (0 queries, 0 cached) | GC: 0.0ms)


Started GET "/session/new" for 127.0.0.1 at 2026-04-20 11:17:50 -0300
Processing by SessionsController#new as HTML
  Rendering layout layouts/application.html.erb
  Rendering sessions/new.html.erb within layouts/application
  Rendered sessions/new.html.erb within layouts/application (Duration: 3.4ms | GC: 0.2ms)
  Rendered layout layouts/application.html.erb (Duration: 9.9ms | GC: 0.5ms)
Completed 200 OK in 22ms (Views: 12.1ms | ActiveRecord: 0.0ms (0 queries, 0 cached) | GC: 1.0ms)


Started POST "/session" for 127.0.0.1 at 2026-04-20 11:18:05 -0300
Processing by SessionsController#create as TURBO_STREAM
  Parameters: {"authenticity_token" => "[FILTERED]", "email_address" => "[FILTERED]", "password" => "[FILTERED]", "commit" => "Sign in"}
[31mUnpermitted parameters: :authenticity_token, :commit. Context: { controller: SessionsController, action: create, request: #<ActionDispatch::Request:0x0000000122bc9b20>, params: {"authenticity_token" => "[FILTERED]", "email_address" => "[FILTERED]", "password" => "[FILTERED]", "commit" => "Sign in", "controller" => "sessions", "action" => "create"} }[0m
  [1m[36mUser Load (0.3ms)[0m  [1m[34mSELECT "users".* FROM "users" WHERE "users"."email_address" = 'seba@email.com' LIMIT 1 /*action='create',application='PlataformGvi',controller='sessions'*/[0m
  ↳ app/controllers/sessions_controller.rb:9:in 'SessionsController#create'
Redirected to http://127.0.0.1:3000/session/new
↳ app/controllers/sessions_controller.rb:13:in 'SessionsController#create'
Completed 302 Found in 262ms (ActiveRecord: 3.4ms (1 query, 0 cached) | GC: 0.0ms)


Started GET "/session/new" for 127.0.0.1 at 2026-04-20 11:18:05 -0300
Processing by SessionsController#new as TURBO_STREAM
  Rendering layout layouts/application.html.erb
  Rendering sessions/new.html.erb within layouts/application
  Rendered sessions/new.html.erb within layouts/application (Duration: 0.5ms | GC: 0.0ms)
  Rendered layout layouts/application.html.erb (Duration: 0.8ms | GC: 0.0ms)
Completed 200 OK in 1ms (Views: 1.0ms | ActiveRecord: 0.0ms (0 queries, 0 cached) | GC: 0.0ms)


  [1m[36mUser Load (0.5ms)[0m  [1m[34mSELECT "users".* FROM "users" /* loading for pp */ LIMIT 11 /*application='PlataformGvi'*/[0m
  [1m[36mTRANSACTION (0.1ms)[0m  [1m[35mBEGIN immediate TRANSACTION /*application='PlataformGvi'*/[0m
  [1m[36mUser Create (1.6ms)[0m  [1m[32mINSERT INTO "users" ("email_address", "password_digest", "created_at", "updated_at") VALUES ('test@example.com', '$2a$12$fP2YHCuhjrEZoxCG5P98PuNzsgq0ItZhmClwhv4XdzU/96UbMjb7a', '2026-04-20 14:24:00.278168', '2026-04-20 14:24:00.278168') RETURNING "id" /*application='PlataformGvi'*/[0m
  [1m[36mTRANSACTION (0.7ms)[0m  [1m[35mCOMMIT TRANSACTION /*application='PlataformGvi'*/[0m
Started GET "/session/new" for 127.0.0.1 at 2026-04-20 11:24:12 -0300
  [1m[36mActiveRecord::SchemaMigration Load (0.1ms)[0m  [1m[34mSELECT "schema_migrations"."version" FROM "schema_migrations" ORDER BY "schema_migrations"."version" ASC /*application='PlataformGvi'*/[0m
Processing by SessionsController#new as HTML
  Rendering layout layouts/application.html.erb
  Rendering sessions/new.html.erb within layouts/application
  Rendered sessions/new.html.erb within layouts/application (Duration: 3.3ms | GC: 0.0ms)
  Rendered layout layouts/application.html.erb (Duration: 9.5ms | GC: 0.0ms)
Completed 200 OK in 21ms (Views: 11.8ms | ActiveRecord: 0.0ms (0 queries, 0 cached) | GC: 0.2ms)


Started POST "/session" for 127.0.0.1 at 2026-04-20 11:24:19 -0300
Processing by SessionsController#create as TURBO_STREAM
  Parameters: {"authenticity_token" => "[FILTERED]", "email_address" => "[FILTERED]", "password" => "[FILTERED]", "commit" => "Sign in"}
[31mUnpermitted parameters: :authenticity_token, :commit. Context: { controller: SessionsController, action: create, request: #<ActionDispatch::Request:0x000000012753bec0>, params: {"authenticity_token" => "[FILTERED]", "email_address" => "[FILTERED]", "password" => "[FILTERED]", "commit" => "Sign in", "controller" => "sessions", "action" => "create"} }[0m
  [1m[36mUser Load (0.1ms)[0m  [1m[34mSELECT "users".* FROM "users" WHERE "users"."email_address" = 'test@example.com' LIMIT 1 /*action='create',application='PlataformGvi',controller='sessions'*/[0m
  ↳ app/controllers/sessions_controller.rb:9:in 'SessionsController#create'
  [1m[36mTRANSACTION (0.0ms)[0m  [1m[35mBEGIN immediate TRANSACTION /*action='create',application='PlataformGvi',controller='sessions'*/[0m
  ↳ app/controllers/concerns/authentication.rb:42:in 'Authentication#start_new_session_for'
  [1m[36mSession Create (1.2ms)[0m  [1m[32mINSERT INTO "sessions" ("user_id", "ip_address", "user_agent", "created_at", "updated_at") VALUES (1, '127.0.0.1', 'Mozilla/5.0 (Macintosh; Intel Mac OS X 10_15_7) AppleWebKit/605.1.15 (KHTML, like Gecko) Version/26.3.1 Safari/605.1.15', '2026-04-20 14:24:19.394672', '2026-04-20 14:24:19.394672') RETURNING "id" /*action='create',application='PlataformGvi',controller='sessions'*/[0m
  ↳ app/controllers/concerns/authentication.rb:42:in 'Authentication#start_new_session_for'
  [1m[36mTRANSACTION (0.1ms)[0m  [1m[35mCOMMIT TRANSACTION /*action='create',application='PlataformGvi',controller='sessions'*/[0m
  ↳ app/controllers/concerns/authentication.rb:42:in 'Authentication#start_new_session_for'
Redirected to http://127.0.0.1:3000/
↳ app/controllers/sessions_controller.rb:11:in 'SessionsController#create'
Completed 302 Found in 271ms (ActiveRecord: 4.4ms (2 queries, 0 cached) | GC: 0.0ms)


Started GET "/" for 127.0.0.1 at 2026-04-20 11:24:19 -0300
Processing by HomeController#index as TURBO_STREAM
  [1m[36mSession Load (0.0ms)[0m  [1m[34mSELECT "sessions".* FROM "sessions" WHERE "sessions"."id" = 1 LIMIT 1 /*action='index',application='PlataformGvi',controller='home'*/[0m
  ↳ app/controllers/concerns/authentication.rb:29:in 'Authentication#find_session_by_cookie'
  Rendering layout layouts/application.html.erb
  Rendering home/index.html.erb within layouts/application
  Rendered home/index.html.erb within layouts/application (Duration: 0.1ms | GC: 0.0ms)
  Rendered layout layouts/application.html.erb (Duration: 0.4ms | GC: 0.0ms)
Completed 200 OK in 2ms (Views: 0.9ms | ActiveRecord: 0.0ms (1 query, 0 cached) | GC: 0.0ms)


Started GET "/" for ::1 at 2026-04-20 13:41:57 -0300
  [1m[36mActiveRecord::SchemaMigration Load (0.1ms)[0m  [1m[34mSELECT "schema_migrations"."version" FROM "schema_migrations" ORDER BY "schema_migrations"."version" ASC /*application='PlataformGvi'*/[0m
Processing by HomeController#index as HTML
Redirected to http://localhost:3000/session/new
↳ app/controllers/concerns/authentication.rb:34:in 'Authentication#request_authentication'
Filter chain halted as :require_authentication rendered or redirected
Completed 302 Found in 3ms (ActiveRecord: 0.0ms (0 queries, 0 cached) | GC: 0.0ms)


Started GET "/session/new" for ::1 at 2026-04-20 13:41:57 -0300
Processing by SessionsController#new as HTML
  Rendering layout layouts/application.html.erb
  Rendering sessions/new.html.erb within layouts/application
  Rendered sessions/new.html.erb within layouts/application (Duration: 3.2ms | GC: 0.0ms)
  Rendered layout layouts/application.html.erb (Duration: 3.3ms | GC: 0.0ms)
Completed 500 Internal Server Error in 9ms (ActiveRecord: 0.0ms (0 queries, 0 cached) | GC: 0.0ms)


  
ActionView::Template::Error (undefined local variable or method 'new_users_path' for an instance of #<Class:0x0000000121d61b00>)
Caused by: NameError (undefined local variable or method 'new_users_path' for an instance of #<Class:0x0000000121d61b00>)

Information for: ActionView::Template::Error (undefined local variable or method 'new_users_path' for an instance of #<Class:0x0000000121d61b00>):
    10: 
    11: <%= link_to "Forgot password?", new_password_path %>
    12: <%= link_to "Create a count", new_users_path %>
  
app/views/sessions/new.html.erb:13

Information for cause: NameError (undefined local variable or method 'new_users_path' for an instance of #<Class:0x0000000121d61b00>):
  
app/views/sessions/new.html.erb:13
Started GET "/apple-touch-icon-precomposed.png" for ::1 at 2026-04-20 13:41:58 -0300
Started GET "/favicon.ico" for ::1 at 2026-04-20 13:41:58 -0300
  
ActionController::RoutingError (No route matches [GET] "/apple-touch-icon-precomposed.png"):
  
  
ActionController::RoutingError (No route matches [GET] "/favicon.ico"):
  
Started GET "/apple-touch-icon.png" for ::1 at 2026-04-20 13:41:58 -0300
  
ActionController::RoutingError (No route matches [GET] "/apple-touch-icon.png"):
  
Started GET "/favicon.ico" for ::1 at 2026-04-20 13:41:58 -0300
  
ActionController::RoutingError (No route matches [GET] "/favicon.ico"):
  
Started GET "/session/new" for ::1 at 2026-04-20 13:42:08 -0300
Processing by SessionsController#new as HTML
  Rendering layout layouts/application.html.erb
  Rendering sessions/new.html.erb within layouts/application
  Rendered sessions/new.html.erb within layouts/application (Duration: 1.4ms | GC: 0.0ms)
  Rendered layout layouts/application.html.erb (Duration: 9.3ms | GC: 0.2ms)
Completed 200 OK in 12ms (Views: 10.8ms | ActiveRecord: 0.0ms (0 queries, 0 cached) | GC: 0.2ms)


Started POST "/session" for ::1 at 2026-04-20 13:42:18 -0300
Processing by SessionsController#create as TURBO_STREAM
  Parameters: {"authenticity_token" => "[FILTERED]", "email_address" => "[FILTERED]", "password" => "[FILTERED]", "commit" => "Sign in"}
[31mUnpermitted parameters: :authenticity_token, :commit. Context: { controller: SessionsController, action: create, request: #<ActionDispatch::Request:0x0000000122dfd180>, params: {"authenticity_token" => "[FILTERED]", "email_address" => "[FILTERED]", "password" => "[FILTERED]", "commit" => "Sign in", "controller" => "sessions", "action" => "create"} }[0m
  [1m[36mUser Load (0.3ms)[0m  [1m[34mSELECT "users".* FROM "users" WHERE "users"."email_address" = 'fdafa@fdafafa' LIMIT 1 /*action='create',application='PlataformGvi',controller='sessions'*/[0m
  ↳ app/controllers/sessions_controller.rb:9:in 'SessionsController#create'
Redirected to http://localhost:3000/session/new
↳ app/controllers/sessions_controller.rb:13:in 'SessionsController#create'
Completed 302 Found in 261ms (ActiveRecord: 3.2ms (1 query, 0 cached) | GC: 0.0ms)


Started GET "/session/new" for ::1 at 2026-04-20 13:42:19 -0300
Processing by SessionsController#new as TURBO_STREAM
  Rendering layout layouts/application.html.erb
  Rendering sessions/new.html.erb within layouts/application
  Rendered sessions/new.html.erb within layouts/application (Duration: 0.5ms | GC: 0.0ms)
  Rendered layout layouts/application.html.erb (Duration: 0.7ms | GC: 0.0ms)
Completed 200 OK in 1ms (Views: 0.9ms | ActiveRecord: 0.0ms (0 queries, 0 cached) | GC: 0.0ms)


Started GET "/session/new" for ::1 at 2026-04-20 13:42:21 -0300
Processing by SessionsController#new as HTML
  Rendering layout layouts/application.html.erb
  Rendering sessions/new.html.erb within layouts/application
  Rendered sessions/new.html.erb within layouts/application (Duration: 1.4ms | GC: 0.0ms)
  Rendered layout layouts/application.html.erb (Duration: 2.2ms | GC: 0.0ms)
Completed 200 OK in 5ms (Views: 2.9ms | ActiveRecord: 0.0ms (0 queries, 0 cached) | GC: 0.0ms)


Started GET "/users/new" for ::1 at 2026-04-20 13:42:24 -0300
Processing by UsersController#new as HTML
  Rendering layout layouts/application.html.erb
  Rendering users/new.html.erb within layouts/application
  Rendered users/new.html.erb within layouts/application (Duration: 4.1ms | GC: 0.0ms)
  Rendered layout layouts/application.html.erb (Duration: 4.8ms | GC: 0.0ms)
Completed 200 OK in 9ms (Views: 6.3ms | ActiveRecord: 0.0ms (0 queries, 0 cached) | GC: 0.0ms)


Started GET "/users/new" for ::1 at 2026-04-20 13:42:45 -0300
Processing by UsersController#new as HTML
  Rendering layout layouts/application.html.erb
  Rendering users/new.html.erb within layouts/application
  Rendered users/new.html.erb within layouts/application (Duration: 1.3ms | GC: 0.3ms)
  Rendered layout layouts/application.html.erb (Duration: 2.6ms | GC: 0.3ms)
Completed 200 OK in 9ms (Views: 3.6ms | ActiveRecord: 0.8ms (0 queries, 0 cached) | GC: 0.6ms)


Started GET "/session/new" for ::1 at 2026-04-20 13:42:46 -0300
Processing by SessionsController#new as HTML
  Rendering layout layouts/application.html.erb
  Rendering sessions/new.html.erb within layouts/application
  Rendered sessions/new.html.erb within layouts/application (Duration: 2.0ms | GC: 0.0ms)
  Rendered layout layouts/application.html.erb (Duration: 2.7ms | GC: 0.0ms)
Completed 200 OK in 7ms (Views: 4.2ms | ActiveRecord: 0.0ms (0 queries, 0 cached) | GC: 0.0ms)


Started GET "/users/new" for ::1 at 2026-04-20 13:42:47 -0300
Processing by UsersController#new as HTML
  Rendering layout layouts/application.html.erb
  Rendering users/new.html.erb within layouts/application
  Rendered users/new.html.erb within layouts/application (Duration: 2.5ms | GC: 0.0ms)
  Rendered layout layouts/application.html.erb (Duration: 3.4ms | GC: 0.0ms)
Completed 200 OK in 7ms (Views: 4.2ms | ActiveRecord: 0.0ms (0 queries, 0 cached) | GC: 0.7ms)


Started GET "/session/new" for ::1 at 2026-04-20 13:42:55 -0300
Processing by SessionsController#new as HTML
  Rendering layout layouts/application.html.erb
  Rendering sessions/new.html.erb within layouts/application
  Rendered sessions/new.html.erb within layouts/application (Duration: 0.9ms | GC: 0.0ms)
  Rendered layout layouts/application.html.erb (Duration: 2.4ms | GC: 0.0ms)
Completed 200 OK in 5ms (Views: 3.5ms | ActiveRecord: 0.0ms (0 queries, 0 cached) | GC: 0.0ms)


Started GET "/users/new" for ::1 at 2026-04-20 13:42:56 -0300
Processing by UsersController#new as HTML
  Rendering layout layouts/application.html.erb
  Rendering users/new.html.erb within layouts/application
  Rendered users/new.html.erb within layouts/application (Duration: 2.3ms | GC: 0.0ms)
  Rendered layout layouts/application.html.erb (Duration: 3.1ms | GC: 0.0ms)
Completed 200 OK in 18ms (Views: 4.6ms | ActiveRecord: 2.6ms (0 queries, 0 cached) | GC: 0.0ms)


Started GET "/users/new" for ::1 at 2026-04-20 13:42:59 -0300
Processing by UsersController#new as HTML
  Rendering layout layouts/application.html.erb
  Rendering users/new.html.erb within layouts/application
  Rendered users/new.html.erb within layouts/application (Duration: 2.7ms | GC: 0.0ms)
  Rendered layout layouts/application.html.erb (Duration: 3.8ms | GC: 0.0ms)
Completed 200 OK in 7ms (Views: 4.8ms | ActiveRecord: 0.0ms (0 queries, 0 cached) | GC: 0.0ms)


Started POST "/users" for ::1 at 2026-04-20 13:43:13 -0300
Processing by UsersController#create as TURBO_STREAM
  Parameters: {"authenticity_token" => "[FILTERED]", "user" => {"email_address" => "[FILTERED]", "password" => "[FILTERED]", "password_confirmation" => "[FILTERED]"}, "commit" => "Cadastrar"}
[31mUnpermitted parameters: :authenticity_token, :user, :commit. Context: { controller: UsersController, action: create, request: #<ActionDispatch::Request:0x00000001234b2bd8>, params: {"authenticity_token" => "[FILTERED]", "user" => {"email_address" => "[FILTERED]", "password" => "[FILTERED]", "password_confirmation" => "[FILTERED]"}, "commit" => "Cadastrar", "controller" => "users", "action" => "create"} }[0m
  [1m[36mTRANSACTION (0.2ms)[0m  [1m[35mBEGIN immediate TRANSACTION /*action='create',application='PlataformGvi',controller='users'*/[0m
  ↳ app/controllers/users_controller.rb:11:in 'UsersController#create'
  [1m[36mUser Exists? (2.1ms)[0m  [1m[34mSELECT 1 AS one FROM "users" WHERE "users"."email_address" IS NULL LIMIT 1 /*action='create',application='PlataformGvi',controller='users'*/[0m
  ↳ app/controllers/users_controller.rb:11:in 'UsersController#create'
  [1m[36mTRANSACTION (0.1ms)[0m  [1m[31mROLLBACK TRANSACTION /*action='create',application='PlataformGvi',controller='users'*/[0m
  ↳ app/controllers/users_controller.rb:11:in 'UsersController#create'
  Rendering layout layouts/application.html.erb
  Rendering users/new.html.erb within layouts/application
  Rendered users/new.html.erb within layouts/application (Duration: 2.5ms | GC: 0.0ms)
  Rendered layout layouts/application.html.erb (Duration: 3.2ms | GC: 0.0ms)
Completed 422 Unprocessable Content in 15ms (Views: 4.0ms | ActiveRecord: 2.4ms (1 query, 0 cached) | GC: 0.0ms)


Started POST "/users" for ::1 at 2026-04-20 13:43:49 -0300
Processing by UsersController#create as TURBO_STREAM
  Parameters: {"authenticity_token" => "[FILTERED]", "user" => {"email_address" => "[FILTERED]", "password" => "[FILTERED]", "password_confirmation" => "[FILTERED]"}, "commit" => "Cadastrar"}
[31mUnpermitted parameters: :authenticity_token, :user, :commit. Context: { controller: UsersController, action: create, request: #<ActionDispatch::Request:0x0000000122bfcc78>, params: {"authenticity_token" => "[FILTERED]", "user" => {"email_address" => "[FILTERED]", "password" => "[FILTERED]", "password_confirmation" => "[FILTERED]"}, "commit" => "Cadastrar", "controller" => "users", "action" => "create"} }[0m
  [1m[36mTRANSACTION (0.2ms)[0m  [1m[35mBEGIN immediate TRANSACTION /*action='create',application='PlataformGvi',controller='users'*/[0m
  ↳ app/controllers/users_controller.rb:11:in 'UsersController#create'
  [1m[36mUser Exists? (2.5ms)[0m  [1m[34mSELECT 1 AS one FROM "users" WHERE "users"."email_address" IS NULL LIMIT 1 /*action='create',application='PlataformGvi',controller='users'*/[0m
  ↳ app/controllers/users_controller.rb:11:in 'UsersController#create'
  [1m[36mTRANSACTION (0.1ms)[0m  [1m[31mROLLBACK TRANSACTION /*action='create',application='PlataformGvi',controller='users'*/[0m
  ↳ app/controllers/users_controller.rb:11:in 'UsersController#create'
  Rendering layout layouts/application.html.erb
  Rendering users/new.html.erb within layouts/application
  Rendered users/new.html.erb within layouts/application (Duration: 2.2ms | GC: 0.0ms)
  Rendered layout layouts/application.html.erb (Duration: 3.0ms | GC: 0.0ms)
Completed 422 Unprocessable Content in 14ms (Views: 3.8ms | ActiveRecord: 2.8ms (1 query, 0 cached) | GC: 0.0ms)


Started GET "/" for 127.0.0.1 at 2026-04-20 22:40:51 -0300
  [1m[36mActiveRecord::SchemaMigration Load (0.1ms)[0m  [1m[34mSELECT "schema_migrations"."version" FROM "schema_migrations" ORDER BY "schema_migrations"."version" ASC /*application='PlataformGvi'*/[0m
Processing by HomeController#index as HTML
  [1m[36mSession Load (0.1ms)[0m  [1m[34mSELECT "sessions".* FROM "sessions" WHERE "sessions"."id" = 1 LIMIT 1 /*action='index',application='PlataformGvi',controller='home'*/[0m
  ↳ app/controllers/concerns/authentication.rb:29:in 'Authentication#find_session_by_cookie'
  Rendering layout layouts/application.html.erb
  Rendering home/index.html.erb within layouts/application
  Rendered home/index.html.erb within layouts/application (Duration: 0.1ms | GC: 0.0ms)
  Rendered layout layouts/application.html.erb (Duration: 6.2ms | GC: 0.0ms)
Completed 200 OK in 26ms (Views: 7.8ms | ActiveRecord: 1.1ms (1 query, 0 cached) | GC: 0.2ms)


Started GET "/" for 127.0.0.1 at 2026-04-20 22:42:02 -0300
Processing by HomeController#index as HTML
Redirected to http://127.0.0.1:3000/session/new
↳ app/controllers/concerns/authentication.rb:34:in 'Authentication#request_authentication'
Filter chain halted as :require_authentication rendered or redirected
Completed 302 Found in 2ms (ActiveRecord: 0.0ms (0 queries, 0 cached) | GC: 0.0ms)


Started GET "/session/new" for 127.0.0.1 at 2026-04-20 22:42:02 -0300
Processing by SessionsController#new as HTML
  Rendering layout layouts/application.html.erb
  Rendering sessions/new.html.erb within layouts/application
  Rendered sessions/new.html.erb within layouts/application (Duration: 2.7ms | GC: 0.0ms)
  Rendered layout layouts/application.html.erb (Duration: 3.0ms | GC: 0.0ms)
Completed 200 OK in 5ms (Views: 3.9ms | ActiveRecord: 0.0ms (0 queries, 0 cached) | GC: 0.0ms)


Started GET "/users/new" for 127.0.0.1 at 2026-04-20 22:42:07 -0300
Processing by UsersController#new as HTML
  Rendering layout layouts/application.html.erb
  Rendering users/new.html.erb within layouts/application
  Rendered users/new.html.erb within layouts/application (Duration: 3.6ms | GC: 0.0ms)
  Rendered layout layouts/application.html.erb (Duration: 4.2ms | GC: 0.0ms)
Completed 200 OK in 20ms (Views: 5.7ms | ActiveRecord: 0.6ms (0 queries, 0 cached) | GC: 0.0ms)


Started POST "/users" for 127.0.0.1 at 2026-04-20 22:42:17 -0300
Processing by UsersController#create as TURBO_STREAM
  Parameters: {"authenticity_token" => "[FILTERED]", "user" => {"email_address" => "[FILTERED]", "password" => "[FILTERED]", "password_confirmation" => "[FILTERED]"}, "commit" => "Cadastrar"}
Completed 400 Bad Request in 2ms (ActiveRecord: 0.0ms (0 queries, 0 cached) | GC: 0.0ms)


  
ActionController::ParameterMissing (param is missing or the value is empty or invalid: users):
  
app/controllers/users_controller.rb:20:in 'UsersController#user_params'
app/controllers/users_controller.rb:9:in 'UsersController#create'
Started GET "/users/new" for 127.0.0.1 at 2026-04-20 22:42:17 -0300
Processing by UsersController#new as HTML
  Rendering layout layouts/application.html.erb
  Rendering users/new.html.erb within layouts/application
  Rendered users/new.html.erb within layouts/application (Duration: 3.5ms | GC: 1.1ms)
  Rendered layout layouts/application.html.erb (Duration: 7.3ms | GC: 3.8ms)
Completed 200 OK in 10ms (Views: 8.2ms | ActiveRecord: 0.0ms (0 queries, 0 cached) | GC: 3.8ms)


Started POST "/users" for 127.0.0.1 at 2026-04-20 22:43:46 -0300
Processing by UsersController#create as TURBO_STREAM
  Parameters: {"authenticity_token" => "[FILTERED]", "user" => {"email_address" => "[FILTERED]", "password" => "[FILTERED]", "password_confirmation" => "[FILTERED]"}, "commit" => "Cadastrar"}
  [1m[36mTRANSACTION (0.0ms)[0m  [1m[35mBEGIN immediate TRANSACTION /*action='create',application='PlataformGvi',controller='users'*/[0m
  ↳ app/controllers/users_controller.rb:11:in 'UsersController#create'
  [1m[36mUser Exists? (1.6ms)[0m  [1m[34mSELECT 1 AS one FROM "users" WHERE "users"."email_address" = 'seba123@gmail.com' LIMIT 1 /*action='create',application='PlataformGvi',controller='users'*/[0m
  ↳ app/controllers/users_controller.rb:11:in 'UsersController#create'
  [1m[36mUser Create (0.1ms)[0m  [1m[32mINSERT INTO "users" ("email_address", "password_digest", "created_at", "updated_at") VALUES ('seba123@gmail.com', '$2a$12$vBmV36rb8eGYFmoUYFH9Yuo31y1c7rdKWpg9OHtRgDXYzWKfK08da', '2026-04-21 01:43:46.603605', '2026-04-21 01:43:46.603605') RETURNING "id" /*action='create',application='PlataformGvi',controller='users'*/[0m
  ↳ app/controllers/users_controller.rb:11:in 'UsersController#create'
  [1m[36mTRANSACTION (0.3ms)[0m  [1m[35mCOMMIT TRANSACTION /*action='create',application='PlataformGvi',controller='users'*/[0m
  ↳ app/controllers/users_controller.rb:11:in 'UsersController#create'
  [1m[36mTRANSACTION (0.0ms)[0m  [1m[35mBEGIN immediate TRANSACTION /*action='create',application='PlataformGvi',controller='users'*/[0m
  ↳ app/controllers/concerns/authentication.rb:42:in 'Authentication#start_new_session_for'
  [1m[36mSession Create (0.5ms)[0m  [1m[32mINSERT INTO "sessions" ("user_id", "ip_address", "user_agent", "created_at", "updated_at") VALUES (2, '127.0.0.1', 'Mozilla/5.0 (Macintosh; Intel Mac OS X 10_15_7) AppleWebKit/605.1.15 (KHTML, like Gecko) Version/26.3.1 Safari/605.1.15', '2026-04-21 01:43:46.612106', '2026-04-21 01:43:46.612106') RETURNING "id" /*action='create',application='PlataformGvi',controller='users'*/[0m
  ↳ app/controllers/concerns/authentication.rb:42:in 'Authentication#start_new_session_for'
  [1m[36mTRANSACTION (0.1ms)[0m  [1m[35mCOMMIT TRANSACTION /*action='create',application='PlataformGvi',controller='users'*/[0m
  ↳ app/controllers/concerns/authentication.rb:42:in 'Authentication#start_new_session_for'
Redirected to http://127.0.0.1:3000/
↳ app/controllers/users_controller.rb:13:in 'UsersController#create'
Completed 302 Found in 235ms (ActiveRecord: 3.4ms (3 queries, 0 cached) | GC: 1.8ms)


Started GET "/" for 127.0.0.1 at 2026-04-20 22:43:46 -0300
Processing by HomeController#index as TURBO_STREAM
  [1m[36mSession Load (0.0ms)[0m  [1m[34mSELECT "sessions".* FROM "sessions" WHERE "sessions"."id" = 2 LIMIT 1 /*action='index',application='PlataformGvi',controller='home'*/[0m
  ↳ app/controllers/concerns/authentication.rb:29:in 'Authentication#find_session_by_cookie'
  Rendering layout layouts/application.html.erb
  Rendering home/index.html.erb within layouts/application
  Rendered home/index.html.erb within layouts/application (Duration: 0.1ms | GC: 0.0ms)
  Rendered layout layouts/application.html.erb (Duration: 1.5ms | GC: 0.5ms)
Completed 200 OK in 4ms (Views: 2.3ms | ActiveRecord: 0.0ms (1 query, 0 cached) | GC: 0.5ms)


Started GET "/" for 127.0.0.1 at 2026-04-20 22:49:27 -0300
Processing by HomeController#index as HTML
  [1m[36mSession Load (4.0ms)[0m  [1m[34mSELECT "sessions".* FROM "sessions" WHERE "sessions"."id" = 2 LIMIT 1 /*action='index',application='PlataformGvi',controller='home'*/[0m
  ↳ app/controllers/concerns/authentication.rb:29:in 'Authentication#find_session_by_cookie'
  Rendering layout layouts/application.html.erb
  Rendering home/index.html.erb within layouts/application
  Rendered home/index.html.erb within layouts/application (Duration: 0.1ms | GC: 0.0ms)
  Rendered layout layouts/application.html.erb (Duration: 6.1ms | GC: 0.7ms)
Completed 200 OK in 23ms (Views: 7.6ms | ActiveRecord: 4.0ms (1 query, 0 cached) | GC: 0.7ms)


Started GET "/" for 127.0.0.1 at 2026-04-20 22:49:31 -0300
Processing by HomeController#index as HTML
Redirected to http://127.0.0.1:3000/session/new
↳ app/controllers/concerns/authentication.rb:34:in 'Authentication#request_authentication'
Filter chain halted as :require_authentication rendered or redirected
Completed 302 Found in 2ms (ActiveRecord: 0.0ms (0 queries, 0 cached) | GC: 0.0ms)


Started GET "/session/new" for 127.0.0.1 at 2026-04-20 22:49:31 -0300
Processing by SessionsController#new as HTML
  Rendering layout layouts/application.html.erb
  Rendering sessions/new.html.erb within layouts/application
  Rendered sessions/new.html.erb within layouts/application (Duration: 2.9ms | GC: 0.0ms)
  Rendered layout layouts/application.html.erb (Duration: 3.6ms | GC: 0.0ms)
Completed 200 OK in 7ms (Views: 4.9ms | ActiveRecord: 0.0ms (0 queries, 0 cached) | GC: 0.0ms)


Started POST "/session" for 127.0.0.1 at 2026-04-20 22:49:54 -0300
Processing by SessionsController#create as TURBO_STREAM
  Parameters: {"authenticity_token" => "[FILTERED]", "email_address" => "[FILTERED]", "password" => "[FILTERED]", "commit" => "Entrar"}
[31mUnpermitted parameters: :authenticity_token, :commit. Context: { controller: SessionsController, action: create, request: #<ActionDispatch::Request:0x0000000124160330>, params: {"authenticity_token" => "[FILTERED]", "email_address" => "[FILTERED]", "password" => "[FILTERED]", "commit" => "Entrar", "controller" => "sessions", "action" => "create"} }[0m
  [1m[36mUser Load (0.8ms)[0m  [1m[34mSELECT "users".* FROM "users" WHERE "users"."email_address" = 'seba123@gmail.com' LIMIT 1 /*action='create',application='PlataformGvi',controller='sessions'*/[0m
  ↳ app/controllers/sessions_controller.rb:9:in 'SessionsController#create'
  [1m[36mTRANSACTION (0.0ms)[0m  [1m[35mBEGIN immediate TRANSACTION /*action='create',application='PlataformGvi',controller='sessions'*/[0m
  ↳ app/controllers/concerns/authentication.rb:42:in 'Authentication#start_new_session_for'
  [1m[36mSession Create (2.3ms)[0m  [1m[32mINSERT INTO "sessions" ("user_id", "ip_address", "user_agent", "created_at", "updated_at") VALUES (2, '127.0.0.1', 'Mozilla/5.0 (Macintosh; Intel Mac OS X 10_15_7) AppleWebKit/605.1.15 (KHTML, like Gecko) Version/26.3.1 Safari/605.1.15', '2026-04-21 01:49:54.291435', '2026-04-21 01:49:54.291435') RETURNING "id" /*action='create',application='PlataformGvi',controller='sessions'*/[0m
  ↳ app/controllers/concerns/authentication.rb:42:in 'Authentication#start_new_session_for'
  [1m[36mTRANSACTION (0.4ms)[0m  [1m[35mCOMMIT TRANSACTION /*action='create',application='PlataformGvi',controller='sessions'*/[0m
  ↳ app/controllers/concerns/authentication.rb:42:in 'Authentication#start_new_session_for'
Redirected to http://127.0.0.1:3000/
↳ app/controllers/sessions_controller.rb:11:in 'SessionsController#create'
Completed 302 Found in 261ms (ActiveRecord: 3.6ms (2 queries, 0 cached) | GC: 0.0ms)


Started GET "/" for 127.0.0.1 at 2026-04-20 22:49:54 -0300
Processing by HomeController#index as TURBO_STREAM
  [1m[36mSession Load (0.1ms)[0m  [1m[34mSELECT "sessions".* FROM "sessions" WHERE "sessions"."id" = 3 LIMIT 1 /*action='index',application='PlataformGvi',controller='home'*/[0m
  ↳ app/controllers/concerns/authentication.rb:29:in 'Authentication#find_session_by_cookie'
  Rendering layout layouts/application.html.erb
  Rendering home/index.html.erb within layouts/application
  Rendered home/index.html.erb within layouts/application (Duration: 0.0ms | GC: 0.0ms)
  Rendered layout layouts/application.html.erb (Duration: 0.4ms | GC: 0.0ms)
Completed 200 OK in 2ms (Views: 0.5ms | ActiveRecord: 0.1ms (1 query, 0 cached) | GC: 0.0ms)


Started GET "/session/new" for 127.0.0.1 at 2026-04-20 22:49:56 -0300
Processing by SessionsController#new as HTML
  Rendering layout layouts/application.html.erb
  Rendering sessions/new.html.erb within layouts/application
  Rendered sessions/new.html.erb within layouts/application (Duration: 1.7ms | GC: 0.0ms)
  Rendered layout layouts/application.html.erb (Duration: 2.4ms | GC: 0.0ms)
Completed 200 OK in 4ms (Views: 2.9ms | ActiveRecord: 0.0ms (0 queries, 0 cached) | GC: 0.0ms)


Started GET "/users/new" for 127.0.0.1 at 2026-04-20 22:49:58 -0300
Processing by UsersController#new as HTML
  Rendering layout layouts/application.html.erb
  Rendering users/new.html.erb within layouts/application
  Rendered users/new.html.erb within layouts/application (Duration: 2.4ms | GC: 0.0ms)
  Rendered layout layouts/application.html.erb (Duration: 3.1ms | GC: 0.0ms)
Completed 200 OK in 7ms (Views: 4.3ms | ActiveRecord: 0.0ms (0 queries, 0 cached) | GC: 0.0ms)


Started GET "/passwords/new" for 127.0.0.1 at 2026-04-20 22:50:01 -0300
Processing by PasswordsController#new as HTML
  Rendering layout layouts/application.html.erb
  Rendering passwords/new.html.erb within layouts/application
  Rendered passwords/new.html.erb within layouts/application (Duration: 4.0ms | GC: 0.0ms)
  Rendered layout layouts/application.html.erb (Duration: 5.1ms | GC: 0.0ms)
Completed 200 OK in 9ms (Views: 6.9ms | ActiveRecord: 0.0ms (0 queries, 0 cached) | GC: 0.0ms)


Started GET "/session/new" for 127.0.0.1 at 2026-04-20 22:50:04 -0300
Processing by SessionsController#new as HTML
  Rendering layout layouts/application.html.erb
  Rendering sessions/new.html.erb within layouts/application
  Rendered sessions/new.html.erb within layouts/application (Duration: 3.5ms | GC: 0.0ms)
  Rendered layout layouts/application.html.erb (Duration: 4.6ms | GC: 0.0ms)
Completed 200 OK in 7ms (Views: 5.7ms | ActiveRecord: 0.0ms (0 queries, 0 cached) | GC: 0.0ms)


Started POST "/session" for 127.0.0.1 at 2026-04-20 22:50:13 -0300
Processing by SessionsController#create as TURBO_STREAM
  Parameters: {"authenticity_token" => "[FILTERED]", "email_address" => "[FILTERED]", "password" => "[FILTERED]", "commit" => "Entrar"}
[31mUnpermitted parameters: :authenticity_token, :commit. Context: { controller: SessionsController, action: create, request: #<ActionDispatch::Request:0x00000001257e29f0>, params: {"authenticity_token" => "[FILTERED]", "email_address" => "[FILTERED]", "password" => "[FILTERED]", "commit" => "Entrar", "controller" => "sessions", "action" => "create"} }[0m
  [1m[36mUser Load (0.4ms)[0m  [1m[34mSELECT "users".* FROM "users" WHERE "users"."email_address" = 'seba123@gmail.com' LIMIT 1 /*action='create',application='PlataformGvi',controller='sessions'*/[0m
  ↳ app/controllers/sessions_controller.rb:9:in 'SessionsController#create'
  [1m[36mTRANSACTION (0.1ms)[0m  [1m[35mBEGIN immediate TRANSACTION /*action='create',application='PlataformGvi',controller='sessions'*/[0m
  ↳ app/controllers/concerns/authentication.rb:42:in 'Authentication#start_new_session_for'
  [1m[36mSession Create (1.0ms)[0m  [1m[32mINSERT INTO "sessions" ("user_id", "ip_address", "user_agent", "created_at", "updated_at") VALUES (2, '127.0.0.1', 'Mozilla/5.0 (Macintosh; Intel Mac OS X 10_15_7) AppleWebKit/605.1.15 (KHTML, like Gecko) Version/26.3.1 Safari/605.1.15', '2026-04-21 01:50:13.923673', '2026-04-21 01:50:13.923673') RETURNING "id" /*action='create',application='PlataformGvi',controller='sessions'*/[0m
  ↳ app/controllers/concerns/authentication.rb:42:in 'Authentication#start_new_session_for'
  [1m[36mTRANSACTION (0.9ms)[0m  [1m[35mCOMMIT TRANSACTION /*action='create',application='PlataformGvi',controller='sessions'*/[0m
  ↳ app/controllers/concerns/authentication.rb:42:in 'Authentication#start_new_session_for'
Redirected to http://127.0.0.1:3000/
↳ app/controllers/sessions_controller.rb:11:in 'SessionsController#create'
Completed 302 Found in 256ms (ActiveRecord: 2.3ms (2 queries, 0 cached) | GC: 0.0ms)


Started GET "/" for 127.0.0.1 at 2026-04-20 22:50:13 -0300
Processing by HomeController#index as TURBO_STREAM
  [1m[36mSession Load (0.1ms)[0m  [1m[34mSELECT "sessions".* FROM "sessions" WHERE "sessions"."id" = 4 LIMIT 1 /*action='index',application='PlataformGvi',controller='home'*/[0m
  ↳ app/controllers/concerns/authentication.rb:29:in 'Authentication#find_session_by_cookie'
  Rendering layout layouts/application.html.erb
  Rendering home/index.html.erb within layouts/application
  Rendered home/index.html.erb within layouts/application (Duration: 0.0ms | GC: 0.0ms)
  Rendered layout layouts/application.html.erb (Duration: 0.4ms | GC: 0.0ms)
Completed 200 OK in 1ms (Views: 0.6ms | ActiveRecord: 0.0ms (1 query, 0 cached) | GC: 0.0ms)


Started GET "/" for 127.0.0.1 at 2026-04-20 22:50:55 -0300
Processing by HomeController#index as HTML
  [1m[36mSession Load (0.1ms)[0m  [1m[34mSELECT "sessions".* FROM "sessions" WHERE "sessions"."id" = 4 LIMIT 1 /*action='index',application='PlataformGvi',controller='home'*/[0m
  ↳ app/controllers/concerns/authentication.rb:29:in 'Authentication#find_session_by_cookie'
  Rendering layout layouts/application.html.erb
  Rendering home/index.html.erb within layouts/application
  Rendered home/index.html.erb within layouts/application (Duration: 0.1ms | GC: 0.0ms)
  Rendered layout layouts/application.html.erb (Duration: 1.7ms | GC: 0.3ms)
Completed 200 OK in 9ms (Views: 2.9ms | ActiveRecord: 1.3ms (1 query, 0 cached) | GC: 0.7ms)


Started GET "/" for 127.0.0.1 at 2026-04-20 22:51:00 -0300
Processing by HomeController#index as HTML
  [1m[36mSession Load (0.1ms)[0m  [1m[34mSELECT "sessions".* FROM "sessions" WHERE "sessions"."id" = 4 LIMIT 1 /*action='index',application='PlataformGvi',controller='home'*/[0m
  ↳ app/controllers/concerns/authentication.rb:29:in 'Authentication#find_session_by_cookie'
  Rendering layout layouts/application.html.erb
  Rendering home/index.html.erb within layouts/application
  Rendered home/index.html.erb within layouts/application (Duration: 0.1ms | GC: 0.0ms)
  Rendered layout layouts/application.html.erb (Duration: 1.6ms | GC: 0.0ms)
Completed 200 OK in 9ms (Views: 2.7ms | ActiveRecord: 1.1ms (1 query, 0 cached) | GC: 0.2ms)


Started GET "/" for 127.0.0.1 at 2026-04-20 22:51:22 -0300
Processing by HomeController#index as HTML
  [1m[36mSession Load (0.1ms)[0m  [1m[34mSELECT "sessions".* FROM "sessions" WHERE "sessions"."id" = 4 LIMIT 1 /*action='index',application='PlataformGvi',controller='home'*/[0m
  ↳ app/controllers/concerns/authentication.rb:29:in 'Authentication#find_session_by_cookie'
  Rendering layout layouts/application.html.erb
  Rendering home/index.html.erb within layouts/application
  Rendered home/index.html.erb within layouts/application (Duration: 0.3ms | GC: 0.0ms)
  Rendered layout layouts/application.html.erb (Duration: 2.1ms | GC: 0.0ms)
Completed 200 OK in 12ms (Views: 4.6ms | ActiveRecord: 1.1ms (1 query, 0 cached) | GC: 0.3ms)


Started GET "/" for 127.0.0.1 at 2026-04-20 22:51:38 -0300
Processing by HomeController#index as HTML
  [1m[36mSession Load (0.1ms)[0m  [1m[34mSELECT "sessions".* FROM "sessions" WHERE "sessions"."id" = 4 LIMIT 1 /*action='index',application='PlataformGvi',controller='home'*/[0m
  ↳ app/controllers/concerns/authentication.rb:29:in 'Authentication#find_session_by_cookie'
  Rendering layout layouts/application.html.erb
  Rendering home/index.html.erb within layouts/application
  Rendered home/index.html.erb within layouts/application (Duration: 0.1ms | GC: 0.0ms)
  Rendered layout layouts/application.html.erb (Duration: 1.5ms | GC: 0.0ms)
Completed 200 OK in 8ms (Views: 2.5ms | ActiveRecord: 0.9ms (1 query, 0 cached) | GC: 0.0ms)


Started GET "/" for 127.0.0.1 at 2026-04-20 22:51:47 -0300
Processing by HomeController#index as HTML
  [1m[36mSession Load (0.1ms)[0m  [1m[34mSELECT "sessions".* FROM "sessions" WHERE "sessions"."id" = 4 LIMIT 1 /*action='index',application='PlataformGvi',controller='home'*/[0m
  ↳ app/controllers/concerns/authentication.rb:29:in 'Authentication#find_session_by_cookie'
  Rendering layout layouts/application.html.erb
  Rendering home/index.html.erb within layouts/application
  Rendered home/index.html.erb within layouts/application (Duration: 0.2ms | GC: 0.0ms)
  Rendered layout layouts/application.html.erb (Duration: 2.3ms | GC: 0.4ms)
Completed 200 OK in 10ms (Views: 3.5ms | ActiveRecord: 1.1ms (1 query, 0 cached) | GC: 1.0ms)


